<?xml version="1.0" encoding="UTF-8"?>
<testsuites name="jest tests" tests="15" failures="0" errors="0" time="1.255">
  <testsuite name="createTypedArray" errors="0" failures="0" skipped="0" timestamp="2026-01-14T20:44:33" time="0.783" tests="15">
    <testcase classname="createTypedArray should create Float32Array for f32 type" name="createTypedArray should create Float32Array for f32 type" time="0.001">
    </testcase>
    <testcase classname="createTypedArray should create Float64Array for f64 type" name="createTypedArray should create Float64Array for f64 type" time="0">
    </testcase>
    <testcase classname="createTypedArray should create Int8Array for i8 type" name="createTypedArray should create Int8Array for i8 type" time="0">
    </testcase>
    <testcase classname="createTypedArray should create Uint8Array for u8 type" name="createTypedArray should create Uint8Array for u8 type" time="0">
    </testcase>
    <testcase classname="createTypedArray should create Int16Array for i16 type" name="createTypedArray should create Int16Array for i16 type" time="0">
    </testcase>
    <testcase classname="createTypedArray should create Uint16Array for u16 type" name="createTypedArray should create Uint16Array for u16 type" time="0">
    </testcase>
    <testcase classname="createTypedArray should create Int32Array for i32 type" name="createTypedArray should create Int32Array for i32 type" time="0">
    </testcase>
    <testcase classname="createTypedArray should create Uint32Array for u32 type" name="createTypedArray should create Uint32Array for u32 type" time="0.001">
    </testcase>
    <testcase classname="createTypedArray should create BigInt64Array for i64 type" name="createTypedArray should create BigInt64Array for i64 type" time="0">
    </testcase>
    <testcase classname="createTypedArray should create BigUint64Array for u64 type" name="createTypedArray should create BigUint64Array for u64 type" time="0">
    </testcase>
    <testcase classname="createTypedArray should default to Float64Array for unknown type" name="createTypedArray should default to Float64Array for unknown type" time="0">
    </testcase>
    <testcase classname="getArrayTypeByteSize should return 1 for 8-bit types" name="getArrayTypeByteSize should return 1 for 8-bit types" time="0">
    </testcase>
    <testcase classname="getArrayTypeByteSize should return 2 for 16-bit types" name="getArrayTypeByteSize should return 2 for 16-bit types" time="0">
    </testcase>
    <testcase classname="getArrayTypeByteSize should return 4 for 32-bit types" name="getArrayTypeByteSize should return 4 for 32-bit types" time="0">
    </testcase>
    <testcase classname="getArrayTypeByteSize should return 8 for 64-bit types" name="getArrayTypeByteSize should return 8 for 64-bit types" time="0">
    </testcase>
  </testsuite>
</testsuites>